mysql> -- comement
mysql> /*comment*/
mysql> comment
    -> ;
ERROR 1064 (42000): You have an error in your SQL syntax; check the manual that corresponds to your MySQL server version for the right syntax to use near 'comment' at line 1
mysql> -- this is the start;
mysql> /*one
   /*> two
   /*> three
   /*> */
mysql> -- list 
mysql> /*
   /*> one
   /*> two
   /*> */
mysql> -- asdf
mysql> 
mysql> 
mysql> 
mysql> 
mysql> 
mysql> 
mysql> 
mysql> 
mysql> 
mysql> 
mysql> 
mysql> 
mysql> 
mysql> 
mysql> 
mysql> 
mysql> 
mysql> 
mysql> 
mysql> -- nullif isnull ifnull
mysql> select isnull(null)
    -> ;
+--------------+
| isnull(null) |
+--------------+
|            1 |
+--------------+
1 row in set (0.01 sec)

mysql> select isnull(123);
+-------------+
| isnull(123) |
+-------------+
|           0 |
+-------------+
1 row in set (0.00 sec)

mysql> select * from person
    -> ;
+------+-------+-----------------------+
| id   | name  | email                 |
+------+-------+-----------------------+
|  100 | NULL  | someting@gmail.com    |
|  101 | Arjun | somethining@gmail.com |
+------+-------+-----------------------+
2 rows in set (0.00 sec)

mysql> create table emp(name varchar(10), age int);
Query OK, 0 rows affected (0.06 sec)

mysql> insert into emp values("one", 20);
Query OK, 1 row affected (0.00 sec)

mysql> insert into emp values("two", 30);
Query OK, 1 row affected (0.00 sec)

mysql> insert into emp values("three", null);
Query OK, 1 row affected (0.00 sec)

mysql> select * from emp;
+-------+------+
| name  | age  |
+-------+------+
| one   |   20 |
| two   |   30 |
| three | NULL |
+-------+------+
3 rows in set (0.00 sec)

mysql> select isnull(age);
ERROR 1054 (42S22): Unknown column 'age' in 'field list'
mysql> select isnull(age) from emp;
+-------------+
| isnull(age) |
+-------------+
|           0 |
|           0 |
|           1 |
+-------------+
3 rows in set (0.00 sec)

mysql> -- ifnull
mysql> -- single line comment
mysql> /*
   /*> one
   /*> two
   /*> */
mysql> select ifnull(NULL, "default value");
+-------------------------------+
| ifnull(NULL, "default value") |
+-------------------------------+
| default value                 |
+-------------------------------+
1 row in set (0.00 sec)

mysql> select ifnull(10, "default value");
+-----------------------------+
| ifnull(10, "default value") |
+-----------------------------+
| 10                          |
+-----------------------------+
1 row in set (0.00 sec)

mysql> select age from emp;
+------+
| age  |
+------+
|   20 |
|   30 |
| NULL |
+------+
3 rows in set (0.00 sec)

mysql> select ifnull(age,18) from emp;
+----------------+
| ifnull(age,18) |
+----------------+
|             20 |
|             30 |
|             18 |
+----------------+
3 rows in set (0.00 sec)

mysql> -- nullif
mysql> select nullif("first", "second");
+---------------------------+
| nullif("first", "second") |
+---------------------------+
| first                     |
+---------------------------+
1 row in set (0.00 sec)

mysql> select nullif("first", "first");
+--------------------------+
| nullif("first", "first") |
+--------------------------+
| NULL                     |
+--------------------------+
1 row in set (0.00 sec)

mysql> -- case statements
mysql> USE COLLEGE;
Reading table information for completion of table and column names
You can turn off this feature to get a quicker startup with -A

Database changed
mysql> SHOW TABLES;
+--------------------------+
| Tables_in_college        |
+--------------------------+
| c                        |
| college_football_players |
| courses                  |
| dc_bikeshare_q1_2012     |
| emp                      |
| employees                |
| newoffices               |
| offices                  |
| person                   |
| s                        |
| sc                       |
| studentcourses           |
| students                 |
| teachers                 |
+--------------------------+
14 rows in set (0.01 sec)

mysql> select * from college_football_players;
+---------------------+-------------+-----------------+----------+--------+--------+------+-------------------+-------+------+
| full_school_name    | school_name | player_name     | position | height | weight | year | hometown          | state | id   |
+---------------------+-------------+-----------------+----------+--------+--------+------+-------------------+-------+------+
| Cincinnati Bearcats | Cincinnati  | Ralph Abernathy | RB       |     67 |    161 | SR   | ATLANTA,GA        | GA    |    1 |
| Cincinnati Bearcats | Cincinnati  | Mekale McKay    | WR       |     78 |    195 | SO   | LOUISVILLE,KY     | KY    |    2 |
| Cincinnati Bearcats | Cincinnati  | Trenier         | CB       |     71 |    255 | SO   | WINTER GARDEN, FL | FL    |    3 |
| Cincinnati Bearcats | Cincinnati  | Bennie Coney    | WR       |     75 |    216 | FR   | PLANT CITY, FL    | FL    |    4 |
| Cincinnati Bearcats | Cincinnati  | Howard Wilder   | WR       |     71 |    180 | FR   | SEA ISAND, GA     | GA    |    6 |
| Cincinnati Bearcats | Cincinnati  | Howard Wilder1  | WR       |     71 |    180 | jR   | SEA ISAND, GA     | GA    |    7 |
| Cincinnati Bearcats | Cincinnati  | Howard Wilder2  | WR       |     71 |    180 | JR   | SEA ISAND, GA     | GA    |    8 |
+---------------------+-------------+-----------------+----------+--------+--------+------+-------------------+-------+------+
7 rows in set (0.00 sec)

mysql> select * from dc_bikeshare_q1_2012;
+--------------+------------------+---------------------+---------------------------------------------+----------------+---------------------+-------------------------+--------------+-------------+------------+------+
| duration     | duration_seconds | start_time          | start_station                               | start_terminal | end_time            | end_station             | end_terminal | bike_number | rider_type | id   |
+--------------+------------------+---------------------+---------------------------------------------+----------------+---------------------+-------------------------+--------------+-------------+------------+------+
| 0h 7m 55sec. |              475 | 2012-01-01 00:04:02 | 7th & R St NW / Shaw Library                |          31245 | 2012-01-01 00:11:00 | 7th & T St NW           |        31109 | W01412      | Registered |    1 |
| 0h 19m 22sec |             1162 | 2012-01-01 00:05:00 | Georgia & New Hampshire Ave NW              |          31400 | 2012-01-01 00:29:00 | 16th & Harvard St NW    |        31103 | W00524      | Casual     |    2 |
| 0h 19m 5sec. |             1145 | 2012-01-01 00:06:00 | Georgia & New Hampshire Ave NW              |          31400 | 2012-01-01 00:29:00 | 16th & Harvard St NW    |        31103 | W00235      | Registered |    3 |
| 0h 8m 5sec.  |              485 | 2012-01-01 00:10:00 | 14th & V St NW                              |          31102 | 2012-01-01 00:23:00 | Park Rd & Holmead Pl NW |        31602 | W00864      | Registered |    4 |
| 0h 7m 51sec. |              471 | 2012-01-01 00:15:00 | 11th & Kenyon St NW                         |          31102 | 2012-01-01 00:23:00 | 7th & T St NW           |        31109 | W00995      | Registered |    5 |
| 0h 5m 58sec. |              358 | 2012-01-01 00:17:00 | Court House Metro / Wilson Blvd & N Uhle St |          31102 | 2012-01-01 00:23:00 | Lynn & 19th St North    |        31014 | W00466      | Registered |    6 |
+--------------+------------------+---------------------+---------------------------------------------+----------------+---------------------+-------------------------+--------------+-------------+------------+------+
6 rows in set (0.02 sec)

mysql> select player_name, year, 
    -> CASE
    -> WHEN year = 'SR' THEN 'yes'
    -> END
    -> AS
    -> IS_A_SENIOR
    -> FROM 
    -> college_football_players;
+-----------------+------+-------------+
| player_name     | year | IS_A_SENIOR |
+-----------------+------+-------------+
| Ralph Abernathy | SR   | yes         |
| Mekale McKay    | SO   | NULL        |
| Trenier         | SO   | NULL        |
| Bennie Coney    | FR   | NULL        |
| Howard Wilder   | FR   | NULL        |
| Howard Wilder1  | jR   | NULL        |
| Howard Wilder2  | JR   | NULL        |
+-----------------+------+-------------+
7 rows in set (0.00 sec)

mysql> 
mysql> select player_name, year, 
    ->     CASE
    ->      WHEN year = 'SR' THEN 'yes'
    ->      -- DEFAULT
    ->      ELSE 'NO'
    ->     END
    ->     AS
    ->      IS_A_SENIOR
    ->      FROM 
    ->      college_football_players;
+-----------------+------+-------------+
| player_name     | year | IS_A_SENIOR |
+-----------------+------+-------------+
| Ralph Abernathy | SR   | yes         |
| Mekale McKay    | SO   | NO          |
| Trenier         | SO   | NO          |
| Bennie Coney    | FR   | NO          |
| Howard Wilder   | FR   | NO          |
| Howard Wilder1  | jR   | NO          |
| Howard Wilder2  | JR   | NO          |
+-----------------+------+-------------+
7 rows in set (0.00 sec)

mysql> -- multi when-then
mysql> select player_name, weight, 
    -> CASE
    -> 
Display all 862 possibilities? (y or n) 
    -> y
    -> ;
ERROR 1064 (42000): You have an error in your SQL syntax; check the manual that corresponds to your MySQL server version for the right syntax to use near '' at line 3
mysql> 
mysql> select player_name, weight, 
    -> CASE
    -> 
Display all 862 possibilities? (y or n) 
    -> WHEN weight > 250 THEN 'over 250'
    -> 
Display all 862 possibilities? (y or n) 
    -> WHEN weight > 200 THEN 'over 200'
    -> 
Display all 862 possibilities? (y or n) 
    -> WHEN weight > 175 THEN 'between 175 to 200'
    -> 
Display all 862 possibilities? (y or n) 
    -> ELSE 'underweight'
    -> END AS weight_category  
    -> FROM      college_football_players;
+-----------------+--------+--------------------+
| player_name     | weight | weight_category    |
+-----------------+--------+--------------------+
| Ralph Abernathy |    161 | underweight        |
| Mekale McKay    |    195 | between 175 to 200 |
| Trenier         |    255 | over 250           |
| Bennie Coney    |    216 | over 200           |
| Howard Wilder   |    180 | between 175 to 200 |
| Howard Wilder1  |    180 | between 175 to 200 |
| Howard Wilder2  |    180 | between 175 to 200 |
+-----------------+--------+--------------------+
7 rows in set (0.00 sec)

mysql> 
mysql> 
mysql> select player_name, weight, 
    -> CASE
    -> 
Display all 862 possibilities? (y or n) 
    -> WHEN weight > 250 THEN 'over 250'
    -> 
Display all 862 possibilities? (y or n) 
    -> WHEN weight > 200 THEN 'over 200'
    -> 
Display all 862 possibilities? (y or n) 
    -> WHEN weight > 175 THEN 'between 175 to 200'
    -> 
Display all 862 possibilities? (y or n) 
    -> ELSE 'underweight'
    -> END AS weight_category  
    -> FROM      college_football_players limit 10;
+-----------------+--------+--------------------+
| player_name     | weight | weight_category    |
+-----------------+--------+--------------------+
| Ralph Abernathy |    161 | underweight        |
| Mekale McKay    |    195 | between 175 to 200 |
| Trenier         |    255 | over 250           |
| Bennie Coney    |    216 | over 200           |
| Howard Wilder   |    180 | between 175 to 200 |
| Howard Wilder1  |    180 | between 175 to 200 |
| Howard Wilder2  |    180 | between 175 to 200 |
+-----------------+--------+--------------------+
7 rows in set (0.00 sec)

mysql> select count(*) from college_football_players;
+----------+
| count(*) |
+----------+
|        7 |
+----------+
1 row in set (0.00 sec)

mysql> select count(*) from college_football_players;
+----------+
| count(*) |
+----------+
|        7 |
+----------+
1 row in set (0.00 sec)

mysql> select player_name, weight, 
    -> CASE
    -> 
Display all 862 possibilities? (y or n) 
    -> WHEN weight > 250  THEN 'over 250' 
    -> 
Display all 862 possibilities? (y or n) 
    -> WHEN (weight > 200 AND WEIGHT < 250) THEN 'BETWEEN 200 AND 250'
    -> 
Display all 862 possibilities? (y or n) 
    -> WHEN (weight > 175 AND WEIGHT <200) THEN 'between 175 to 200'
    -> 
Display all 862 possibilities? (y or n) 
    -> ELSE 'underweight'
    -> END AS weight_category  
    -> FROM      college_football_players ;
+-----------------+--------+---------------------+
| player_name     | weight | weight_category     |
+-----------------+--------+---------------------+
| Ralph Abernathy |    161 | underweight         |
| Mekale McKay    |    195 | between 175 to 200  |
| Trenier         |    255 | over 250            |
| Bennie Coney    |    216 | BETWEEN 200 AND 250 |
| Howard Wilder   |    180 | between 175 to 200  |
| Howard Wilder1  |    180 | between 175 to 200  |
| Howard Wilder2  |    180 | between 175 to 200  |
+-----------------+--------+---------------------+
7 rows in set (0.00 sec)

mysql> SELECT * PLAYER_NAME, AGE FROM college_football_players;
ERROR 1064 (42000): You have an error in your SQL syntax; check the manual that corresponds to your MySQL server version for the right syntax to use near 'PLAYER_NAME, AGE FROM college_football_players' at line 1
mysql> 
mysql> 
mysql> SELECT  PLAYER_NAME, AGE FROM college_football_players;
ERROR 1054 (42S22): Unknown column 'AGE' in 'field list'
mysql> Select * from college_football_players;
+---------------------+-------------+-----------------+----------+--------+--------+------+-------------------+-------+------+
| full_school_name    | school_name | player_name     | position | height | weight | year | hometown          | state | id   |
+---------------------+-------------+-----------------+----------+--------+--------+------+-------------------+-------+------+
| Cincinnati Bearcats | Cincinnati  | Ralph Abernathy | RB       |     67 |    161 | SR   | ATLANTA,GA        | GA    |    1 |
| Cincinnati Bearcats | Cincinnati  | Mekale McKay    | WR       |     78 |    195 | SO   | LOUISVILLE,KY     | KY    |    2 |
| Cincinnati Bearcats | Cincinnati  | Trenier         | CB       |     71 |    255 | SO   | WINTER GARDEN, FL | FL    |    3 |
| Cincinnati Bearcats | Cincinnati  | Bennie Coney    | WR       |     75 |    216 | FR   | PLANT CITY, FL    | FL    |    4 |
| Cincinnati Bearcats | Cincinnati  | Howard Wilder   | WR       |     71 |    180 | FR   | SEA ISAND, GA     | GA    |    6 |
| Cincinnati Bearcats | Cincinnati  | Howard Wilder1  | WR       |     71 |    180 | jR   | SEA ISAND, GA     | GA    |    7 |
| Cincinnati Bearcats | Cincinnati  | Howard Wilder2  | WR       |     71 |    180 | JR   | SEA ISAND, GA     | GA    |    8 |
+---------------------+-------------+-----------------+----------+--------+--------+------+-------------------+-------+------+
7 rows in set (0.00 sec)

mysql> select 
    -> case
    -> when year = 'fr' then 'fr'
    -> when year = 'jr' then 'jr'
    -> when year = 'so' then 'so'
    -> when year = 'sr' then 'sr'
    -> else 'no data about year'
    -> end
    -> as year_group
    -> count(1) as count
    -> FROM      college_football_players 
    -> group by 1;
ERROR 1064 (42000): You have an error in your SQL syntax; check the manual that corresponds to your MySQL server version for the right syntax to use near 'count(1) as count
FROM      college_football_players 
group by 1' at line 10
mysql> select 
    -> case
    -> when year = 'fr' then 'fr'
    -> when year = 'jr' then 'jr'
    -> when year = 'so' then 'so'
    -> when year = 'sr' then 'sr'
    -> else 'no data about year'
    -> end
    -> as year_group,
    -> count(1) as count
    -> FROM      college_football_players 
    -> group by 1;
+------------+-------+
| year_group | count |
+------------+-------+
| sr         |     1 |
| so         |     2 |
| fr         |     2 |
| jr         |     2 |
+------------+-------+
4 rows in set (0.00 sec)

mysql> select count(*) from emp;
+----------+
| count(*) |
+----------+
|        3 |
+----------+
1 row in set (0.00 sec)

mysql> select
    -> count(case when year = 'fr' then 1 else null end) as fr_count,
    -> count(case when year = 'so' then 1 else null end) as so_count,
    -> count(case when year = 'sr' then 1 else null end) as sr_count,
    -> count(case when year = 'jr' then 1 else null end) as jr_count
    -> from college_football_players ;
+----------+----------+----------+----------+
| fr_count | so_count | sr_count | jr_count |
+----------+----------+----------+----------+
|        2 |        2 |        1 |        2 |
+----------+----------+----------+----------+
1 row in set (0.00 sec)

mysql> select * from emp;
+-------+------+
| name  | age  |
+-------+------+
| one   |   20 |
| two   |   30 |
| three | NULL |
+-------+------+
3 rows in set (0.00 sec)

mysql> desc emp;
+-------+-------------+------+-----+---------+-------+
| Field | Type        | Null | Key | Default | Extra |
+-------+-------------+------+-----+---------+-------+
| name  | varchar(10) | YES  |     | NULL    |       |
| age   | int         | YES  |     | NULL    |       |
+-------+-------------+------+-----+---------+-------+
2 rows in set (0.01 sec)

mysql> select uuid();
+--------------------------------------+
| uuid()                               |
+--------------------------------------+
| a240faf0-d5a4-11ec-acdf-955d1241149f |
+--------------------------------------+
1 row in set (0.00 sec)
